
> komu-frontend@0.1.0 build
> vite build

vite v4.5.14 building for production...
transforming...
✓ 11827 modules transformed.
✓ built in 12.80s
[vite]: Rollup failed to resolve import "@material-ui/core" from "/opt/whaticket/frontend/src/components/Audio/index.jsx".
This is most likely unintended because it can break your application at runtime.
If you do want to externalize this module explicitly add it to
`build.rollupOptions.external`
error during build:
Error: [vite]: Rollup failed to resolve import "@material-ui/core" from "/opt/whaticket/frontend/src/components/Audio/index.jsx".
This is most likely unintended because it can break your application at runtime.
If you do want to externalize this module explicitly add it to
`build.rollupOptions.external`
    at viteWarn (file:///opt/whaticket/frontend/node_modules/vite/dist/node/chunks/dep-827b23df.js:48272:27)
    at onwarn (/opt/whaticket/frontend/node_modules/@vitejs/plugin-react/dist/index.cjs:112:7)
    at onRollupWarning (file:///opt/whaticket/frontend/node_modules/vite/dist/node/chunks/dep-827b23df.js:48301:9)
    at onwarn (file:///opt/whaticket/frontend/node_modules/vite/dist/node/chunks/dep-827b23df.js:48032:13)
    at file:///opt/whaticket/frontend/node_modules/rollup/dist/es/shared/node-entry.js:24276:13
    at Object.logger [as onLog] (file:///opt/whaticket/frontend/node_modules/rollup/dist/es/shared/node-entry.js:25950:9)
    at ModuleLoader.handleInvalidResolvedId (file:///opt/whaticket/frontend/node_modules/rollup/dist/es/shared/node-entry.js:24862:26)
    at file:///opt/whaticket/frontend/node_modules/rollup/dist/es/shared/node-entry.js:24822:26
    at processTicksAndRejections (node:internal/process/task_queues:96:5)
